// Jest Snapshot v1, https://goo.gl/fbAQLP

exports[`renders homepage unchanged 1`] = `
<div>
  <div
    class="css-lm19hc"
  >
    <header>
      <header
        class="MuiPaper-root MuiPaper-elevation MuiPaper-elevation4 MuiAppBar-root MuiAppBar-colorPrimary MuiAppBar-positionStatic css-1gxz8vn-MuiPaper-root-MuiAppBar-root"
      >
        <div
          class="MuiContainer-root MuiContainer-maxWidthLg MuiContainer-disableGutters css-1py4ru7-MuiContainer-root"
        >
          <div
            class="MuiToolbar-root MuiToolbar-regular css-r6ewbb-MuiToolbar-root"
          >
            <h1
              class="MuiTypography-root MuiTypography-h1 css-10aynlv-MuiTypography-root"
            >
              Potato
              <sup
                style="font-size: .6rem;"
              >
                TM
              </sup>
            </h1>
            <div
              class="MuiBox-root css-84yz3m"
            >
              <a
                class="css-3k3sb4"
                href="#about"
              >
                About
              </a>
              <a
                class="css-3k3sb4"
                href="#feature"
              >
                Feature
              </a>
              <a
                class="css-3k3sb4"
                href="#nutrition"
              >
                Nutrition
              </a>
              <a
                class="css-vugvun"
                href="#buy-it-now"
              >
                Buy It Now
              </a>
            </div>
            <div
              class="MuiBox-root css-zjuml4"
            >
              <button
                aria-label="menu"
                class="MuiButtonBase-root MuiIconButton-root MuiIconButton-colorInherit MuiIconButton-edgeEnd MuiIconButton-sizeMedium css-1ei1svh-MuiButtonBase-root-MuiIconButton-root"
                tabindex="0"
                type="button"
              >
                <svg
                  aria-hidden="true"
                  class="MuiSvgIcon-root MuiSvgIcon-fontSizeMedium css-i4bv87-MuiSvgIcon-root"
                  data-testid="MenuIcon"
                  focusable="false"
                  viewBox="0 0 24 24"
                >
                  <path
                    d="M3 18h18v-2H3zm0-5h18v-2H3zm0-7v2h18V6z"
                  />
                </svg>
                <span
                  class="MuiTouchRipple-root css-8je8zh-MuiTouchRipple-root"
                />
              </button>
            </div>
          </div>
        </div>
      </header>
    </header>
    <main>
      <section
        class="css-eg4353"
      >
        <h2
          class="MuiTypography-root MuiTypography-h2 css-18hu9mz-MuiTypography-root"
        >
          "Sweet, Nutritious and Delicious"
        </h2>
        <h3
          class="MuiTypography-root MuiTypography-h3 css-rfmu20-MuiTypography-root"
        >
          The key to happiness is hidden in the 
          <b>
            Potato
          </b>
          <sup>
            TM
          </sup>
        </h3>
        <img
          alt="Potato"
          class="css-i9y8rr"
          src="/img.jpg"
        />
      </section>
      <section
        class="MuiBox-root css-3jh26m"
        id="about"
      >
        <h2
          class="MuiTypography-root MuiTypography-h2 MuiTypography-gutterBottom css-vta3pc-MuiTypography-root"
        >
          Diferentes shapes and sizes
        </h2>
        <p
          class="MuiTypography-root MuiTypography-h3 MuiTypography-paragraph css-1xpghx3-MuiTypography-root"
        >
          <b>
            Potato
          </b>
          <sup>
            TM
          </sup>
           comes in many different unique shapes and sizes.
        </p>
        <p
          class="MuiTypography-root MuiTypography-h3 MuiTypography-paragraph css-1xpghx3-MuiTypography-root"
        >
          Find the one that fits your personal preferences.
        </p>
        <div
          class="MuiBox-root css-cecl5p"
        >
          <img
            alt=""
            class="css-9ygnsh"
            src="/img.jpg"
          />
          <img
            alt="Image of two potatoes"
            class="css-e3obl3"
            src="/img.jpg"
          />
        </div>
      </section>
      <section
        class="MuiBox-root css-m4hpti"
        id="nutrition"
      >
        <div
          class="MuiBox-root css-1ewxv5a"
        >
          <h1
            class="MuiTypography-root MuiTypography-h1 MuiTypography-gutterBottom css-1k3jgzw-MuiTypography-root"
          >
            Is 
            <b>
              Potato
            </b>
            <sup>
              TM
            </sup>
             healthy? Yes it is!
          </h1>
          <h3
            class="MuiTypography-root MuiTypography-h3 MuiTypography-gutterBottom css-1sm4hog-MuiTypography-root"
          >
            The majority of carbohydrates in potatoes are complex carbohydrates, your body's main energy source.
          </h3>
        </div>
        <img
          alt="Some nutritional values of a potato: 110 calories, 26g carbohydrate, 3g protein and 0g fat"
          class="css-1sd270y"
          src="/img.jpg"
        />
      </section>
      <section
        class="MuiBox-root css-vvqbdx"
        id="feature"
      >
        <div
          class="MuiBox-root css-1ewxv5a"
        >
          <h1
            class="MuiTypography-root MuiTypography-h1 MuiTypography-gutterBottom css-106wd46-MuiTypography-root"
          >
            Easily Transformable
          </h1>
          <h3
            class="MuiTypography-root MuiTypography-h3 MuiTypography-gutterBottom css-1sebttd-MuiTypography-root"
          >
            Because of its unique structure, 
            <b>
              Potato
            </b>
            <sup>
              TM
            </sup>
             is easily useable and transformable in any way you can think of.
          </h3>
        </div>
        <img
          alt="Some nutritional values of a potato: 110 calories, 26g carbohydrate, 3g protein and 0g fat"
          class="css-1sd270y"
          src="/img.jpg"
        />
      </section>
      <section
        class="MuiBox-root css-b6wyj5"
      >
        <h1
          class="MuiTypography-root MuiTypography-h1 MuiTypography-gutterBottom css-bgiw1k-MuiTypography-root"
        >
          100% Customer satisfaction!
        </h1>
        <div
          class="MuiBox-root css-q2k053"
        >
          <button
            aria-label="Previous testimonial"
            class="MuiButtonBase-root MuiIconButton-root MuiIconButton-sizeMedium css-78trlr-MuiButtonBase-root-MuiIconButton-root"
            tabindex="0"
            type="button"
          >
            <svg
              aria-hidden="true"
              class="MuiSvgIcon-root MuiSvgIcon-fontSizeMedium css-i4bv87-MuiSvgIcon-root"
              data-testid="ArrowBackIosIcon"
              focusable="false"
              viewBox="0 0 24 24"
            >
              <path
                d="M11.67 3.87 9.9 2.1 0 12l9.9 9.9 1.77-1.77L3.54 12z"
              />
            </svg>
            <span
              class="MuiTouchRipple-root css-8je8zh-MuiTouchRipple-root"
            />
          </button>
          <div
            class="MuiBox-root css-1h972zz"
          >
            <p
              class="MuiTypography-root MuiTypography-body1 MuiTypography-gutterBottom css-1blhdx3-MuiTypography-root"
            >
              I was skeptic at first, but when i tried the Potato for the first time, my life has completely changed! I'm a better person now. Everything is better with the Potato
            </p>
            <div
              class="MuiBox-root css-59whaf"
            >
              <h6
                class="MuiTypography-root MuiTypography-subtitle2 css-p9swn1-MuiTypography-root"
              >
                <b>
                  Jane Doe
                </b>
                , 
                single mom
              </h6>
            </div>
          </div>
          <button
            aria-label="Next testimonial"
            class="MuiButtonBase-root MuiIconButton-root MuiIconButton-sizeMedium css-78trlr-MuiButtonBase-root-MuiIconButton-root"
            tabindex="0"
            type="button"
          >
            <svg
              aria-hidden="true"
              class="MuiSvgIcon-root MuiSvgIcon-fontSizeMedium css-i4bv87-MuiSvgIcon-root"
              data-testid="ArrowForwardIosIcon"
              focusable="false"
              viewBox="0 0 24 24"
            >
              <path
                d="M6.23 20.23 8 22l10-10L8 2 6.23 3.77 14.46 12z"
              />
            </svg>
            <span
              class="MuiTouchRipple-root css-8je8zh-MuiTouchRipple-root"
            />
          </button>
        </div>
      </section>
    </main>
    <footer>
      <div
        class="MuiBox-root css-f00jr7"
      >
        <div
          class="MuiBox-root css-qabjsf"
        >
          <h5
            class="MuiTypography-root MuiTypography-h5 css-uieoi2-MuiTypography-root"
          >
            Since you came here to read this, have one Potato for free
          </h5>
          <h5
            class="MuiTypography-root MuiTypography-h5 css-uieoi2-MuiTypography-root"
          >
            Copyright Â© 2015 PotatoTM All rights reserved
          </h5>
        </div>
        <div
          class="MuiBox-root css-wsfch7"
        >
          <a
            class="css-14j1gzm"
            href="#about"
          >
            History
          </a>
          <a
            class="css-14j1gzm"
            href="#"
          >
            About
          </a>
          <a
            class="css-14j1gzm"
            href="#"
          >
            Contact us
          </a>
          <a
            class="css-14j1gzm"
            href="#"
          >
            Free Potato
          </a>
        </div>
      </div>
    </footer>
  </div>
</div>
`;
